┌────────────────────────────────────────────────────────────────────────────────────────────────────────────────────────┐
│                                                                                                                        │
│                                                                 │                                         │ Progress   │
│                                                                     Transaction Details                                │
│                                                                                                                        │
│  ░░░░░░░░░░░░░░░░░░░░░░░░░                                                                                             │
│                                                                                                             0/3        │
│  transactions (0%)                                                                                                     │
│                                                                     Select a transaction to view            Time       │
│                                                                     details                                            │
│                                                                                                             Elapsed:   │
│  0s                                                                                                                    │
│                                                                                                             Saved:     │
│  0s                                                                                                                    │
│                                                                                                             Avg/txn:   │
│  N/A                                                                                                                   │
│                                                                                                                        │
│  Classification Breakdown                                                                                              │
│                                                                                                                        │
│                                                                                                                        │
│                                                                                                                        │
│                                                                                                                        │
│  ┌────────────────────────────────────────────────────────────┐                                                        │
│  │                                                            │                                                        │
│  │  Search Transactions                                       │                                                        │
│  │                                                            │                                                        │
│  │  > Amazon                                                  │                                                        │
│  │  Press Enter to search, Esc to cancel                      │                                                        │
│  │                                                            │                                                        │
│  └────────────────────────────────────────────────────────────┘                                                        │
│                                                                                                                        │
│                                                                                                                        │
│                                                                                                                        │
│                                                                                                                        │
│                                                                                                                        │
│                                                                                                                        │
│                                                                                                                        │
│                                                                                                                        │
│                                                                                                                        │
│                                                                                                                        │
│                                                                                                                        │
│                                                                                                                        │
│                                                                                                                        │
│                                                                                                                        │
│                                                                                                                        │
│  Browse                                                                                                        ? Help  │
│                                                                                                                        │
└────────────────────────────────────────────────────────────────────────────────────────────────────────────────────────┘